// Jest Snapshot v1, https://goo.gl/fbAQLP

exports[`xmlrpc parser should successfully parse a large amount of results 1`] = `
Array [
  Array [
    Array [
      Array [
        Array [
          "this is the name of the file 0",
          "12345",
          "",
          1,
          2,
          1603179559,
          "/filepath/with/slashes",
          "/filepath/with/slashes",
          "folderName",
          "/filepath/with/slashes",
          99602671,
          99602671,
          0,
          0,
          0,
          0,
          1556556544,
          1,
          0,
        ],
        Array [
          "this is the name of the file 1",
          "12345",
          "",
          1,
          2,
          1603179559,
          "/filepath/with/slashes",
          "/filepath/with/slashes",
          "folderName",
          "/filepath/with/slashes",
          99602671,
          99602671,
          0,
          0,
          0,
          0,
          1556556544,
          1,
          0,
        ],
        Array [
          "this is the name of the file 2",
          "12345",
          "",
          1,
          2,
          1603179559,
          "/filepath/with/slashes",
          "/filepath/with/slashes",
          "folderName",
          "/filepath/with/slashes",
          99602671,
          99602671,
          0,
          0,
          0,
          0,
          1556556544,
          1,
          0,
        ],
        Array [
          "this is the name of the file 3",
          "12345",
          "",
          1,
          2,
          1603179559,
          "/filepath/with/slashes",
          "/filepath/with/slashes",
          "folderName",
          "/filepath/with/slashes",
          99602671,
          99602671,
          0,
          0,
          0,
          0,
          1556556544,
          1,
          0,
        ],
        Array [
          "this is the name of the file 4",
          "12345",
          "",
          1,
          2,
          1603179559,
          "/filepath/with/slashes",
          "/filepath/with/slashes",
          "folderName",
          "/filepath/with/slashes",
          99602671,
          99602671,
          0,
          0,
          0,
          0,
          1556556544,
          1,
          0,
        ],
        Array [
          "this is the name of the file 5",
          "12345",
          "",
          1,
          2,
          1603179559,
          "/filepath/with/slashes",
          "/filepath/with/slashes",
          "folderName",
          "/filepath/with/slashes",
          99602671,
          99602671,
          0,
          0,
          0,
          0,
          1556556544,
          1,
          0,
        ],
        Array [
          "this is the name of the file 6",
          "12345",
          "",
          1,
          2,
          1603179559,
          "/filepath/with/slashes",
          "/filepath/with/slashes",
          "folderName",
          "/filepath/with/slashes",
          99602671,
          99602671,
          0,
          0,
          0,
          0,
          1556556544,
          1,
          0,
        ],
        Array [
          "this is the name of the file 7",
          "12345",
          "",
          1,
          2,
          1603179559,
          "/filepath/with/slashes",
          "/filepath/with/slashes",
          "folderName",
          "/filepath/with/slashes",
          99602671,
          99602671,
          0,
          0,
          0,
          0,
          1556556544,
          1,
          0,
        ],
        Array [
          "this is the name of the file 8",
          "12345",
          "",
          1,
          2,
          1603179559,
          "/filepath/with/slashes",
          "/filepath/with/slashes",
          "folderName",
          "/filepath/with/slashes",
          99602671,
          99602671,
          0,
          0,
          0,
          0,
          1556556544,
          1,
          0,
        ],
        Array [
          "this is the name of the file 9",
          "12345",
          "",
          1,
          2,
          1603179559,
          "/filepath/with/slashes",
          "/filepath/with/slashes",
          "folderName",
          "/filepath/with/slashes",
          99602671,
          99602671,
          0,
          0,
          0,
          0,
          1556556544,
          1,
          0,
        ],
        Array [
          "this is the name of the file 10",
          "12345",
          "",
          1,
          2,
          1603179559,
          "/filepath/with/slashes",
          "/filepath/with/slashes",
          "folderName",
          "/filepath/with/slashes",
          99602671,
          99602671,
          0,
          0,
          0,
          0,
          1556556544,
          1,
          0,
        ],
        Array [
          "this is the name of the file 11",
          "12345",
          "",
          1,
          2,
          1603179559,
          "/filepath/with/slashes",
          "/filepath/with/slashes",
          "folderName",
          "/filepath/with/slashes",
          99602671,
          99602671,
          0,
          0,
          0,
          0,
          1556556544,
          1,
          0,
        ],
        Array [
          "this is the name of the file 12",
          "12345",
          "",
          1,
          2,
          1603179559,
          "/filepath/with/slashes",
          "/filepath/with/slashes",
          "folderName",
          "/filepath/with/slashes",
          99602671,
          99602671,
          0,
          0,
          0,
          0,
          1556556544,
          1,
          0,
        ],
        Array [
          "this is the name of the file 13",
          "12345",
          "",
          1,
          2,
          1603179559,
          "/filepath/with/slashes",
          "/filepath/with/slashes",
          "folderName",
          "/filepath/with/slashes",
          99602671,
          99602671,
          0,
          0,
          0,
          0,
          1556556544,
          1,
          0,
        ],
        Array [
          "this is the name of the file 14",
          "12345",
          "",
          1,
          2,
          1603179559,
          "/filepath/with/slashes",
          "/filepath/with/slashes",
          "folderName",
          "/filepath/with/slashes",
          99602671,
          99602671,
          0,
          0,
          0,
          0,
          1556556544,
          1,
          0,
        ],
        Array [
          "this is the name of the file 15",
          "12345",
          "",
          1,
          2,
          1603179559,
          "/filepath/with/slashes",
          "/filepath/with/slashes",
          "folderName",
          "/filepath/with/slashes",
          99602671,
          99602671,
          0,
          0,
          0,
          0,
          1556556544,
          1,
          0,
        ],
        Array [
          "this is the name of the file 16",
          "12345",
          "",
          1,
          2,
          1603179559,
          "/filepath/with/slashes",
          "/filepath/with/slashes",
          "folderName",
          "/filepath/with/slashes",
          99602671,
          99602671,
          0,
          0,
          0,
          0,
          1556556544,
          1,
          0,
        ],
        Array [
          "this is the name of the file 17",
          "12345",
          "",
          1,
          2,
          1603179559,
          "/filepath/with/slashes",
          "/filepath/with/slashes",
          "folderName",
          "/filepath/with/slashes",
          99602671,
          99602671,
          0,
          0,
          0,
          0,
          1556556544,
          1,
          0,
        ],
        Array [
          "this is the name of the file 18",
          "12345",
          "",
          1,
          2,
          1603179559,
          "/filepath/with/slashes",
          "/filepath/with/slashes",
          "folderName",
          "/filepath/with/slashes",
          99602671,
          99602671,
          0,
          0,
          0,
          0,
          1556556544,
          1,
          0,
        ],
        Array [
          "this is the name of the file 19",
          "12345",
          "",
          1,
          2,
          1603179559,
          "/filepath/with/slashes",
          "/filepath/with/slashes",
          "folderName",
          "/filepath/with/slashes",
          99602671,
          99602671,
          0,
          0,
          0,
          0,
          1556556544,
          1,
          0,
        ],
        Array [
          "this is the name of the file 20",
          "12345",
          "",
          1,
          2,
          1603179559,
          "/filepath/with/slashes",
          "/filepath/with/slashes",
          "folderName",
          "/filepath/with/slashes",
          99602671,
          99602671,
          0,
          0,
          0,
          0,
          1556556544,
          1,
          0,
        ],
        Array [
          "this is the name of the file 21",
          "12345",
          "",
          1,
          2,
          1603179559,
          "/filepath/with/slashes",
          "/filepath/with/slashes",
          "folderName",
          "/filepath/with/slashes",
          99602671,
          99602671,
          0,
          0,
          0,
          0,
          1556556544,
          1,
          0,
        ],
        Array [
          "this is the name of the file 22",
          "12345",
          "",
          1,
          2,
          1603179559,
          "/filepath/with/slashes",
          "/filepath/with/slashes",
          "folderName",
          "/filepath/with/slashes",
          99602671,
          99602671,
          0,
          0,
          0,
          0,
          1556556544,
          1,
          0,
        ],
        Array [
          "this is the name of the file 23",
          "12345",
          "",
          1,
          2,
          1603179559,
          "/filepath/with/slashes",
          "/filepath/with/slashes",
          "folderName",
          "/filepath/with/slashes",
          99602671,
          99602671,
          0,
          0,
          0,
          0,
          1556556544,
          1,
          0,
        ],
        Array [
          "this is the name of the file 24",
          "12345",
          "",
          1,
          2,
          1603179559,
          "/filepath/with/slashes",
          "/filepath/with/slashes",
          "folderName",
          "/filepath/with/slashes",
          99602671,
          99602671,
          0,
          0,
          0,
          0,
          1556556544,
          1,
          0,
        ],
        Array [
          "this is the name of the file 25",
          "12345",
          "",
          1,
          2,
          1603179559,
          "/filepath/with/slashes",
          "/filepath/with/slashes",
          "folderName",
          "/filepath/with/slashes",
          99602671,
          99602671,
          0,
          0,
          0,
          0,
          1556556544,
          1,
          0,
        ],
        Array [
          "this is the name of the file 26",
          "12345",
          "",
          1,
          2,
          1603179559,
          "/filepath/with/slashes",
          "/filepath/with/slashes",
          "folderName",
          "/filepath/with/slashes",
          99602671,
          99602671,
          0,
          0,
          0,
          0,
          1556556544,
          1,
          0,
        ],
        Array [
          "this is the name of the file 27",
          "12345",
          "",
          1,
          2,
          1603179559,
          "/filepath/with/slashes",
          "/filepath/with/slashes",
          "folderName",
          "/filepath/with/slashes",
          99602671,
          99602671,
          0,
          0,
          0,
          0,
          1556556544,
          1,
          0,
        ],
        Array [
          "this is the name of the file 28",
          "12345",
          "",
          1,
          2,
          1603179559,
          "/filepath/with/slashes",
          "/filepath/with/slashes",
          "folderName",
          "/filepath/with/slashes",
          99602671,
          99602671,
          0,
          0,
          0,
          0,
          1556556544,
          1,
          0,
        ],
        Array [
          "this is the name of the file 29",
          "12345",
          "",
          1,
          2,
          1603179559,
          "/filepath/with/slashes",
          "/filepath/with/slashes",
          "folderName",
          "/filepath/with/slashes",
          99602671,
          99602671,
          0,
          0,
          0,
          0,
          1556556544,
          1,
          0,
        ],
        Array [
          "this is the name of the file 30",
          "12345",
          "",
          1,
          2,
          1603179559,
          "/filepath/with/slashes",
          "/filepath/with/slashes",
          "folderName",
          "/filepath/with/slashes",
          99602671,
          99602671,
          0,
          0,
          0,
          0,
          1556556544,
          1,
          0,
        ],
        Array [
          "this is the name of the file 31",
          "12345",
          "",
          1,
          2,
          1603179559,
          "/filepath/with/slashes",
          "/filepath/with/slashes",
          "folderName",
          "/filepath/with/slashes",
          99602671,
          99602671,
          0,
          0,
          0,
          0,
          1556556544,
          1,
          0,
        ],
        Array [
          "this is the name of the file 32",
          "12345",
          "",
          1,
          2,
          1603179559,
          "/filepath/with/slashes",
          "/filepath/with/slashes",
          "folderName",
          "/filepath/with/slashes",
          99602671,
          99602671,
          0,
          0,
          0,
          0,
          1556556544,
          1,
          0,
        ],
        Array [
          "this is the name of the file 33",
          "12345",
          "",
          1,
          2,
          1603179559,
          "/filepath/with/slashes",
          "/filepath/with/slashes",
          "folderName",
          "/filepath/with/slashes",
          99602671,
          99602671,
          0,
          0,
          0,
          0,
          1556556544,
          1,
          0,
        ],
        Array [
          "this is the name of the file 34",
          "12345",
          "",
          1,
          2,
          1603179559,
          "/filepath/with/slashes",
          "/filepath/with/slashes",
          "folderName",
          "/filepath/with/slashes",
          99602671,
          99602671,
          0,
          0,
          0,
          0,
          1556556544,
          1,
          0,
        ],
        Array [
          "this is the name of the file 35",
          "12345",
          "",
          1,
          2,
          1603179559,
          "/filepath/with/slashes",
          "/filepath/with/slashes",
          "folderName",
          "/filepath/with/slashes",
          99602671,
          99602671,
          0,
          0,
          0,
          0,
          1556556544,
          1,
          0,
        ],
        Array [
          "this is the name of the file 36",
          "12345",
          "",
          1,
          2,
          1603179559,
          "/filepath/with/slashes",
          "/filepath/with/slashes",
          "folderName",
          "/filepath/with/slashes",
          99602671,
          99602671,
          0,
          0,
          0,
          0,
          1556556544,
          1,
          0,
        ],
        Array [
          "this is the name of the file 37",
          "12345",
          "",
          1,
          2,
          1603179559,
          "/filepath/with/slashes",
          "/filepath/with/slashes",
          "folderName",
          "/filepath/with/slashes",
          99602671,
          99602671,
          0,
          0,
          0,
          0,
          1556556544,
          1,
          0,
        ],
        Array [
          "this is the name of the file 38",
          "12345",
          "",
          1,
          2,
          1603179559,
          "/filepath/with/slashes",
          "/filepath/with/slashes",
          "folderName",
          "/filepath/with/slashes",
          99602671,
          99602671,
          0,
          0,
          0,
          0,
          1556556544,
          1,
          0,
        ],
        Array [
          "this is the name of the file 39",
          "12345",
          "",
          1,
          2,
          1603179559,
          "/filepath/with/slashes",
          "/filepath/with/slashes",
          "folderName",
          "/filepath/with/slashes",
          99602671,
          99602671,
          0,
          0,
          0,
          0,
          1556556544,
          1,
          0,
        ],
        Array [
          "this is the name of the file 40",
          "12345",
          "",
          1,
          2,
          1603179559,
          "/filepath/with/slashes",
          "/filepath/with/slashes",
          "folderName",
          "/filepath/with/slashes",
          99602671,
          99602671,
          0,
          0,
          0,
          0,
          1556556544,
          1,
          0,
        ],
        Array [
          "this is the name of the file 41",
          "12345",
          "",
          1,
          2,
          1603179559,
          "/filepath/with/slashes",
          "/filepath/with/slashes",
          "folderName",
          "/filepath/with/slashes",
          99602671,
          99602671,
          0,
          0,
          0,
          0,
          1556556544,
          1,
          0,
        ],
        Array [
          "this is the name of the file 42",
          "12345",
          "",
          1,
          2,
          1603179559,
          "/filepath/with/slashes",
          "/filepath/with/slashes",
          "folderName",
          "/filepath/with/slashes",
          99602671,
          99602671,
          0,
          0,
          0,
          0,
          1556556544,
          1,
          0,
        ],
        Array [
          "this is the name of the file 43",
          "12345",
          "",
          1,
          2,
          1603179559,
          "/filepath/with/slashes",
          "/filepath/with/slashes",
          "folderName",
          "/filepath/with/slashes",
          99602671,
          99602671,
          0,
          0,
          0,
          0,
          1556556544,
          1,
          0,
        ],
        Array [
          "this is the name of the file 44",
          "12345",
          "",
          1,
          2,
          1603179559,
          "/filepath/with/slashes",
          "/filepath/with/slashes",
          "folderName",
          "/filepath/with/slashes",
          99602671,
          99602671,
          0,
          0,
          0,
          0,
          1556556544,
          1,
          0,
        ],
        Array [
          "this is the name of the file 45",
          "12345",
          "",
          1,
          2,
          1603179559,
          "/filepath/with/slashes",
          "/filepath/with/slashes",
          "folderName",
          "/filepath/with/slashes",
          99602671,
          99602671,
          0,
          0,
          0,
          0,
          1556556544,
          1,
          0,
        ],
        Array [
          "this is the name of the file 46",
          "12345",
          "",
          1,
          2,
          1603179559,
          "/filepath/with/slashes",
          "/filepath/with/slashes",
          "folderName",
          "/filepath/with/slashes",
          99602671,
          99602671,
          0,
          0,
          0,
          0,
          1556556544,
          1,
          0,
        ],
        Array [
          "this is the name of the file 47",
          "12345",
          "",
          1,
          2,
          1603179559,
          "/filepath/with/slashes",
          "/filepath/with/slashes",
          "folderName",
          "/filepath/with/slashes",
          99602671,
          99602671,
          0,
          0,
          0,
          0,
          1556556544,
          1,
          0,
        ],
        Array [
          "this is the name of the file 48",
          "12345",
          "",
          1,
          2,
          1603179559,
          "/filepath/with/slashes",
          "/filepath/with/slashes",
          "folderName",
          "/filepath/with/slashes",
          99602671,
          99602671,
          0,
          0,
          0,
          0,
          1556556544,
          1,
          0,
        ],
        Array [
          "this is the name of the file 49",
          "12345",
          "",
          1,
          2,
          1603179559,
          "/filepath/with/slashes",
          "/filepath/with/slashes",
          "folderName",
          "/filepath/with/slashes",
          99602671,
          99602671,
          0,
          0,
          0,
          0,
          1556556544,
          1,
          0,
        ],
        Array [
          "this is the name of the file 50",
          "12345",
          "",
          1,
          2,
          1603179559,
          "/filepath/with/slashes",
          "/filepath/with/slashes",
          "folderName",
          "/filepath/with/slashes",
          99602671,
          99602671,
          0,
          0,
          0,
          0,
          1556556544,
          1,
          0,
        ],
        Array [
          "this is the name of the file 51",
          "12345",
          "",
          1,
          2,
          1603179559,
          "/filepath/with/slashes",
          "/filepath/with/slashes",
          "folderName",
          "/filepath/with/slashes",
          99602671,
          99602671,
          0,
          0,
          0,
          0,
          1556556544,
          1,
          0,
        ],
        Array [
          "this is the name of the file 52",
          "12345",
          "",
          1,
          2,
          1603179559,
          "/filepath/with/slashes",
          "/filepath/with/slashes",
          "folderName",
          "/filepath/with/slashes",
          99602671,
          99602671,
          0,
          0,
          0,
          0,
          1556556544,
          1,
          0,
        ],
        Array [
          "this is the name of the file 53",
          "12345",
          "",
          1,
          2,
          1603179559,
          "/filepath/with/slashes",
          "/filepath/with/slashes",
          "folderName",
          "/filepath/with/slashes",
          99602671,
          99602671,
          0,
          0,
          0,
          0,
          1556556544,
          1,
          0,
        ],
        Array [
          "this is the name of the file 54",
          "12345",
          "",
          1,
          2,
          1603179559,
          "/filepath/with/slashes",
          "/filepath/with/slashes",
          "folderName",
          "/filepath/with/slashes",
          99602671,
          99602671,
          0,
          0,
          0,
          0,
          1556556544,
          1,
          0,
        ],
        Array [
          "this is the name of the file 55",
          "12345",
          "",
          1,
          2,
          1603179559,
          "/filepath/with/slashes",
          "/filepath/with/slashes",
          "folderName",
          "/filepath/with/slashes",
          99602671,
          99602671,
          0,
          0,
          0,
          0,
          1556556544,
          1,
          0,
        ],
        Array [
          "this is the name of the file 56",
          "12345",
          "",
          1,
          2,
          1603179559,
          "/filepath/with/slashes",
          "/filepath/with/slashes",
          "folderName",
          "/filepath/with/slashes",
          99602671,
          99602671,
          0,
          0,
          0,
          0,
          1556556544,
          1,
          0,
        ],
        Array [
          "this is the name of the file 57",
          "12345",
          "",
          1,
          2,
          1603179559,
          "/filepath/with/slashes",
          "/filepath/with/slashes",
          "folderName",
          "/filepath/with/slashes",
          99602671,
          99602671,
          0,
          0,
          0,
          0,
          1556556544,
          1,
          0,
        ],
        Array [
          "this is the name of the file 58",
          "12345",
          "",
          1,
          2,
          1603179559,
          "/filepath/with/slashes",
          "/filepath/with/slashes",
          "folderName",
          "/filepath/with/slashes",
          99602671,
          99602671,
          0,
          0,
          0,
          0,
          1556556544,
          1,
          0,
        ],
        Array [
          "this is the name of the file 59",
          "12345",
          "",
          1,
          2,
          1603179559,
          "/filepath/with/slashes",
          "/filepath/with/slashes",
          "folderName",
          "/filepath/with/slashes",
          99602671,
          99602671,
          0,
          0,
          0,
          0,
          1556556544,
          1,
          0,
        ],
        Array [
          "this is the name of the file 60",
          "12345",
          "",
          1,
          2,
          1603179559,
          "/filepath/with/slashes",
          "/filepath/with/slashes",
          "folderName",
          "/filepath/with/slashes",
          99602671,
          99602671,
          0,
          0,
          0,
          0,
          1556556544,
          1,
          0,
        ],
        Array [
          "this is the name of the file 61",
          "12345",
          "",
          1,
          2,
          1603179559,
          "/filepath/with/slashes",
          "/filepath/with/slashes",
          "folderName",
          "/filepath/with/slashes",
          99602671,
          99602671,
          0,
          0,
          0,
          0,
          1556556544,
          1,
          0,
        ],
        Array [
          "this is the name of the file 62",
          "12345",
          "",
          1,
          2,
          1603179559,
          "/filepath/with/slashes",
          "/filepath/with/slashes",
          "folderName",
          "/filepath/with/slashes",
          99602671,
          99602671,
          0,
          0,
          0,
          0,
          1556556544,
          1,
          0,
        ],
        Array [
          "this is the name of the file 63",
          "12345",
          "",
          1,
          2,
          1603179559,
          "/filepath/with/slashes",
          "/filepath/with/slashes",
          "folderName",
          "/filepath/with/slashes",
          99602671,
          99602671,
          0,
          0,
          0,
          0,
          1556556544,
          1,
          0,
        ],
        Array [
          "this is the name of the file 64",
          "12345",
          "",
          1,
          2,
          1603179559,
          "/filepath/with/slashes",
          "/filepath/with/slashes",
          "folderName",
          "/filepath/with/slashes",
          99602671,
          99602671,
          0,
          0,
          0,
          0,
          1556556544,
          1,
          0,
        ],
        Array [
          "this is the name of the file 65",
          "12345",
          "",
          1,
          2,
          1603179559,
          "/filepath/with/slashes",
          "/filepath/with/slashes",
          "folderName",
          "/filepath/with/slashes",
          99602671,
          99602671,
          0,
          0,
          0,
          0,
          1556556544,
          1,
          0,
        ],
        Array [
          "this is the name of the file 66",
          "12345",
          "",
          1,
          2,
          1603179559,
          "/filepath/with/slashes",
          "/filepath/with/slashes",
          "folderName",
          "/filepath/with/slashes",
          99602671,
          99602671,
          0,
          0,
          0,
          0,
          1556556544,
          1,
          0,
        ],
        Array [
          "this is the name of the file 67",
          "12345",
          "",
          1,
          2,
          1603179559,
          "/filepath/with/slashes",
          "/filepath/with/slashes",
          "folderName",
          "/filepath/with/slashes",
          99602671,
          99602671,
          0,
          0,
          0,
          0,
          1556556544,
          1,
          0,
        ],
        Array [
          "this is the name of the file 68",
          "12345",
          "",
          1,
          2,
          1603179559,
          "/filepath/with/slashes",
          "/filepath/with/slashes",
          "folderName",
          "/filepath/with/slashes",
          99602671,
          99602671,
          0,
          0,
          0,
          0,
          1556556544,
          1,
          0,
        ],
        Array [
          "this is the name of the file 69",
          "12345",
          "",
          1,
          2,
          1603179559,
          "/filepath/with/slashes",
          "/filepath/with/slashes",
          "folderName",
          "/filepath/with/slashes",
          99602671,
          99602671,
          0,
          0,
          0,
          0,
          1556556544,
          1,
          0,
        ],
        Array [
          "this is the name of the file 70",
          "12345",
          "",
          1,
          2,
          1603179559,
          "/filepath/with/slashes",
          "/filepath/with/slashes",
          "folderName",
          "/filepath/with/slashes",
          99602671,
          99602671,
          0,
          0,
          0,
          0,
          1556556544,
          1,
          0,
        ],
        Array [
          "this is the name of the file 71",
          "12345",
          "",
          1,
          2,
          1603179559,
          "/filepath/with/slashes",
          "/filepath/with/slashes",
          "folderName",
          "/filepath/with/slashes",
          99602671,
          99602671,
          0,
          0,
          0,
          0,
          1556556544,
          1,
          0,
        ],
        Array [
          "this is the name of the file 72",
          "12345",
          "",
          1,
          2,
          1603179559,
          "/filepath/with/slashes",
          "/filepath/with/slashes",
          "folderName",
          "/filepath/with/slashes",
          99602671,
          99602671,
          0,
          0,
          0,
          0,
          1556556544,
          1,
          0,
        ],
        Array [
          "this is the name of the file 73",
          "12345",
          "",
          1,
          2,
          1603179559,
          "/filepath/with/slashes",
          "/filepath/with/slashes",
          "folderName",
          "/filepath/with/slashes",
          99602671,
          99602671,
          0,
          0,
          0,
          0,
          1556556544,
          1,
          0,
        ],
        Array [
          "this is the name of the file 74",
          "12345",
          "",
          1,
          2,
          1603179559,
          "/filepath/with/slashes",
          "/filepath/with/slashes",
          "folderName",
          "/filepath/with/slashes",
          99602671,
          99602671,
          0,
          0,
          0,
          0,
          1556556544,
          1,
          0,
        ],
        Array [
          "this is the name of the file 75",
          "12345",
          "",
          1,
          2,
          1603179559,
          "/filepath/with/slashes",
          "/filepath/with/slashes",
          "folderName",
          "/filepath/with/slashes",
          99602671,
          99602671,
          0,
          0,
          0,
          0,
          1556556544,
          1,
          0,
        ],
        Array [
          "this is the name of the file 76",
          "12345",
          "",
          1,
          2,
          1603179559,
          "/filepath/with/slashes",
          "/filepath/with/slashes",
          "folderName",
          "/filepath/with/slashes",
          99602671,
          99602671,
          0,
          0,
          0,
          0,
          1556556544,
          1,
          0,
        ],
        Array [
          "this is the name of the file 77",
          "12345",
          "",
          1,
          2,
          1603179559,
          "/filepath/with/slashes",
          "/filepath/with/slashes",
          "folderName",
          "/filepath/with/slashes",
          99602671,
          99602671,
          0,
          0,
          0,
          0,
          1556556544,
          1,
          0,
        ],
        Array [
          "this is the name of the file 78",
          "12345",
          "",
          1,
          2,
          1603179559,
          "/filepath/with/slashes",
          "/filepath/with/slashes",
          "folderName",
          "/filepath/with/slashes",
          99602671,
          99602671,
          0,
          0,
          0,
          0,
          1556556544,
          1,
          0,
        ],
        Array [
          "this is the name of the file 79",
          "12345",
          "",
          1,
          2,
          1603179559,
          "/filepath/with/slashes",
          "/filepath/with/slashes",
          "folderName",
          "/filepath/with/slashes",
          99602671,
          99602671,
          0,
          0,
          0,
          0,
          1556556544,
          1,
          0,
        ],
        Array [
          "this is the name of the file 80",
          "12345",
          "",
          1,
          2,
          1603179559,
          "/filepath/with/slashes",
          "/filepath/with/slashes",
          "folderName",
          "/filepath/with/slashes",
          99602671,
          99602671,
          0,
          0,
          0,
          0,
          1556556544,
          1,
          0,
        ],
        Array [
          "this is the name of the file 81",
          "12345",
          "",
          1,
          2,
          1603179559,
          "/filepath/with/slashes",
          "/filepath/with/slashes",
          "folderName",
          "/filepath/with/slashes",
          99602671,
          99602671,
          0,
          0,
          0,
          0,
          1556556544,
          1,
          0,
        ],
        Array [
          "this is the name of the file 82",
          "12345",
          "",
          1,
          2,
          1603179559,
          "/filepath/with/slashes",
          "/filepath/with/slashes",
          "folderName",
          "/filepath/with/slashes",
          99602671,
          99602671,
          0,
          0,
          0,
          0,
          1556556544,
          1,
          0,
        ],
        Array [
          "this is the name of the file 83",
          "12345",
          "",
          1,
          2,
          1603179559,
          "/filepath/with/slashes",
          "/filepath/with/slashes",
          "folderName",
          "/filepath/with/slashes",
          99602671,
          99602671,
          0,
          0,
          0,
          0,
          1556556544,
          1,
          0,
        ],
        Array [
          "this is the name of the file 84",
          "12345",
          "",
          1,
          2,
          1603179559,
          "/filepath/with/slashes",
          "/filepath/with/slashes",
          "folderName",
          "/filepath/with/slashes",
          99602671,
          99602671,
          0,
          0,
          0,
          0,
          1556556544,
          1,
          0,
        ],
        Array [
          "this is the name of the file 85",
          "12345",
          "",
          1,
          2,
          1603179559,
          "/filepath/with/slashes",
          "/filepath/with/slashes",
          "folderName",
          "/filepath/with/slashes",
          99602671,
          99602671,
          0,
          0,
          0,
          0,
          1556556544,
          1,
          0,
        ],
        Array [
          "this is the name of the file 86",
          "12345",
          "",
          1,
          2,
          1603179559,
          "/filepath/with/slashes",
          "/filepath/with/slashes",
          "folderName",
          "/filepath/with/slashes",
          99602671,
          99602671,
          0,
          0,
          0,
          0,
          1556556544,
          1,
          0,
        ],
        Array [
          "this is the name of the file 87",
          "12345",
          "",
          1,
          2,
          1603179559,
          "/filepath/with/slashes",
          "/filepath/with/slashes",
          "folderName",
          "/filepath/with/slashes",
          99602671,
          99602671,
          0,
          0,
          0,
          0,
          1556556544,
          1,
          0,
        ],
        Array [
          "this is the name of the file 88",
          "12345",
          "",
          1,
          2,
          1603179559,
          "/filepath/with/slashes",
          "/filepath/with/slashes",
          "folderName",
          "/filepath/with/slashes",
          99602671,
          99602671,
          0,
          0,
          0,
          0,
          1556556544,
          1,
          0,
        ],
        Array [
          "this is the name of the file 89",
          "12345",
          "",
          1,
          2,
          1603179559,
          "/filepath/with/slashes",
          "/filepath/with/slashes",
          "folderName",
          "/filepath/with/slashes",
          99602671,
          99602671,
          0,
          0,
          0,
          0,
          1556556544,
          1,
          0,
        ],
        Array [
          "this is the name of the file 90",
          "12345",
          "",
          1,
          2,
          1603179559,
          "/filepath/with/slashes",
          "/filepath/with/slashes",
          "folderName",
          "/filepath/with/slashes",
          99602671,
          99602671,
          0,
          0,
          0,
          0,
          1556556544,
          1,
          0,
        ],
        Array [
          "this is the name of the file 91",
          "12345",
          "",
          1,
          2,
          1603179559,
          "/filepath/with/slashes",
          "/filepath/with/slashes",
          "folderName",
          "/filepath/with/slashes",
          99602671,
          99602671,
          0,
          0,
          0,
          0,
          1556556544,
          1,
          0,
        ],
        Array [
          "this is the name of the file 92",
          "12345",
          "",
          1,
          2,
          1603179559,
          "/filepath/with/slashes",
          "/filepath/with/slashes",
          "folderName",
          "/filepath/with/slashes",
          99602671,
          99602671,
          0,
          0,
          0,
          0,
          1556556544,
          1,
          0,
        ],
        Array [
          "this is the name of the file 93",
          "12345",
          "",
          1,
          2,
          1603179559,
          "/filepath/with/slashes",
          "/filepath/with/slashes",
          "folderName",
          "/filepath/with/slashes",
          99602671,
          99602671,
          0,
          0,
          0,
          0,
          1556556544,
          1,
          0,
        ],
        Array [
          "this is the name of the file 94",
          "12345",
          "",
          1,
          2,
          1603179559,
          "/filepath/with/slashes",
          "/filepath/with/slashes",
          "folderName",
          "/filepath/with/slashes",
          99602671,
          99602671,
          0,
          0,
          0,
          0,
          1556556544,
          1,
          0,
        ],
        Array [
          "this is the name of the file 95",
          "12345",
          "",
          1,
          2,
          1603179559,
          "/filepath/with/slashes",
          "/filepath/with/slashes",
          "folderName",
          "/filepath/with/slashes",
          99602671,
          99602671,
          0,
          0,
          0,
          0,
          1556556544,
          1,
          0,
        ],
        Array [
          "this is the name of the file 96",
          "12345",
          "",
          1,
          2,
          1603179559,
          "/filepath/with/slashes",
          "/filepath/with/slashes",
          "folderName",
          "/filepath/with/slashes",
          99602671,
          99602671,
          0,
          0,
          0,
          0,
          1556556544,
          1,
          0,
        ],
        Array [
          "this is the name of the file 97",
          "12345",
          "",
          1,
          2,
          1603179559,
          "/filepath/with/slashes",
          "/filepath/with/slashes",
          "folderName",
          "/filepath/with/slashes",
          99602671,
          99602671,
          0,
          0,
          0,
          0,
          1556556544,
          1,
          0,
        ],
        Array [
          "this is the name of the file 98",
          "12345",
          "",
          1,
          2,
          1603179559,
          "/filepath/with/slashes",
          "/filepath/with/slashes",
          "folderName",
          "/filepath/with/slashes",
          99602671,
          99602671,
          0,
          0,
          0,
          0,
          1556556544,
          1,
          0,
        ],
        Array [
          "this is the name of the file 99",
          "12345",
          "",
          1,
          2,
          1603179559,
          "/filepath/with/slashes",
          "/filepath/with/slashes",
          "folderName",
          "/filepath/with/slashes",
          99602671,
          99602671,
          0,
          0,
          0,
          0,
          1556556544,
          1,
          0,
        ],
      ],
    ],
  ],
]
`;
